Turbo Assembler	 Version 4.1	    02/20/26 21:39:04	    Page 1
showreg.asm



      1	    0000			 .model	tiny
      2	    0000			 .code
      3					 .386
      4					 org 100h
      5
      6		  =B800			 VIDEO_MEM_START_ADDR	   equ 0b800h
      7		  =0050			 LENGTH_VIDEO_MEM_LINE	   equ 80d
      8		  =004E			 SCAN_CODE_COLOR	   equ 4eh
      9
     10		  =0020			 EOI			   equ 20h
     11
     12		  =0029			 SHOW_REG_BUTTON_SCAN_CODE equ 29h
     13
     14		  =0030			 DIFFERENCE_NUM_ASCII_L9   equ 48d
     15		  =0037			 DIFFERENCE_NUM_ASCII_G9   equ 55d
     16
     17
     18	    0100  E9 007F		 Start:	jmp nonResident
     19
     20					 ; --------------------------------------------------------------------------
     21					 ; new int 09 handler part
     22					 ; --------------------------------------------------------------------------
     23
     24
     25					 ;-----------------------------------------------------------------------
     26					 ; new Function	performed on int 09h draw regs values on '`' button press
     27					 ; Entry: no
     28					 ; Exit:  no
     29					 ; Exp:	  no
     30					 ; Destr: no
     31					 ;-----------------------------------------------------------------------
     32
     33	    0103			 keyboardInt PROC
     34	    0103  50 53	06		     push ax bx	es
     35	    0106  E8 000E		     call keyboardIntPreamble
     36
     37	    0109  E8 0015		     call handleScanCode
     38
     39	    010C  E8 0064		     call resetControllers
     40
     41	    010F  07 5B	58		     pop es bx ax
     42	    0112  EA			     db	0eah
     43	    0113  00000000		 OLD_INT09_HANDLER: dd 0
     44
     45	    0117			 keyboardInt ENDP
     46
     47					 ;-----------------------------------------------------------------------
     48					 ; preamble of int 09h function
     49					 ; Entry: no
     50					 ; Exit:  no
     51					 ; Exp:	  no
     52					 ; Destr: es, bx, ah
     53					 ;-----------------------------------------------------------------------
     54
     55	    0117			 keyboardIntPreamble PROC
     56
     57	    0117  68 B800		     push VIDEO_MEM_START_ADDR
Turbo Assembler	 Version 4.1	    02/20/26 21:39:04	    Page 2
showreg.asm



     58	    011A  07			     pop es
     59	    011B  BB 0370		     mov bx, (LENGTH_VIDEO_MEM_LINE * 5d + LENGTH_VIDEO_MEM_LINE / 2) *	2   ; set start	of  +
     60					 video mem to write to the 5th line center
     61
     62	    011E  B4 4E			     mov ah, SCAN_CODE_COLOR  ;set color for scan-code to show
     63
     64	    0120  C3			     ret
     65	    0121			 keyboardIntPreamble ENDP
     66
     67					 ;-----------------------------------------------------------------------
     68					 ; read	info from keyboard port	60h and
     69					 ; if pressed needed button calls handler
     70					 ; Entry: no
     71					 ; Exit:  no
     72					 ; Exp:	  no
     73					 ; Destr: al
     74					 ;-----------------------------------------------------------------------
     75
     76	    0121			 handleScanCode	PROC
     77	    0121  E4 60			     in	al, 60h
     78
     79	    0123  3C 29			     cmp al, SHOW_REG_BUTTON_SCAN_CODE
     80	    0125  75 0C	90 90		     jne ??notNeededSC
     81	    0129  26: 89 07			 mov es:[bx], ax
     82
     83	    012C  57				 push di
     84	    012D  E8 0004			 call drawReg
     85	    0130  83 C4	04			 add sp, 4h
     86	    0133			     ??notNeededSC:
     87
     88	    0133  C3			     ret
     89	    0134			 handleScanCode	ENDP
     90
     91					 ; CDECL
     92					 ;-----------------------------------------------------------------------
     93					 ; new Function	performed on int 09h draw regs values on '`' button press
     94					 ; Entry: [bp -	4] = reg value to draw
     95					 ; Exit:  no
     96					 ; Exp:	  no
     97					 ; Destr: no
     98					 ;-----------------------------------------------------------------------
     99
    100	    0134			 drawReg PROC
    101	    0134  55			     push bp
    102	    0135  8B EC			     mov bp, sp
    103
    104	    0137  50 53	51 52 56 57	     push ax bx	cx dx si di
    105
    106					     ; init cycle
    107
    108	    013D  B5 01			     mov ch, 1d
    109	    013F  B1 04			     mov cl, 4d
    110
    111	    0141  33 D2			     xor dx,dx
    112	    0143  BA 000F		     mov dx, 0fh   ; mask for reg nibble
    113
    114
Turbo Assembler	 Version 4.1	    02/20/26 21:39:04	    Page 3
showreg.asm



    115	    0146			     ??startDrawingCycle:
    116	    0146  3A E9			     cmp ch, cl
    117	    0148  7D 0E	90 90		     jge ??endDrawingCycle
    118	    014C  8B 46	08			 mov ax, ss:[bp	+ 08h]
    119	    014F  23 C2				 and ax, dx
    120	    0151  E8 000E			 call convertNibbleToASCII
    121
    122	    0154  FE C5				 inc ch
    123	    0156  EB EE			     jmp ??startDrawingCycle
    124	    0158			     ??endDrawingCycle:
    125
    126	    0158  5F 5E	5A 59 5B 58	     pop di si dx cx bx	ax
    127
    128	    015E  8B E5			     mov sp, bp
    129	    0160  5D			     pop bp
    130	    0161  C3			     ret
    131	    0162			 drawReg ENDP
    132
    133					 ;-----------------------------------------------------------------------
    134					 ; converts number in nibble to	ASCII
    135					 ; Entry: ax = nibble
    136					 ;
    137					 ; Exit:  ax = ASCII code
    138					 ; Exp:	  no
    139					 ; Destr: ax
    140					 ;-----------------------------------------------------------------------
    141
    142	    0162			 convertNibbleToASCII PROC
    143					     ; case <= 9
    144
    145	    0162  3D 0009		     cmp ax, 9d
    146	    0165  7F 08	90 90		     jg	??G9
    147	    0169  05 0030			 add ax, DIFFERENCE_NUM_ASCII_L9
    148	    016C  EB 04	90			 jmp ??end
    149
    150	    016F			     ??G9:
    151
    152					     ; case > 9
    153
    154	    016F  05 0037		     add ax, DIFFERENCE_NUM_ASCII_G9
    155
    156	    0172			     ??end:
    157	    0172  C3			     ret
    158	    0173			 convertNibbleToASCII ENDP
    159
    160					 ;-----------------------------------------------------------------------
    161					 ; reset controllers to	original state
    162					 ; Entry: no
    163					 ; Exit:  no
    164					 ; Exp:	  no
    165					 ; Destr: al
    166					 ;-----------------------------------------------------------------------
    167
    168	    0173			 resetControllers PROC
    169					     ; reset keyboard controller MSB to	guarantee that keyboard	controller will	continue to +
    170					 gen scan-codes
    171	    0173  E4 61			     in	al, 61h
Turbo Assembler	 Version 4.1	    02/20/26 21:39:04	    Page 4
showreg.asm



    172	    0175  0C 80			     or	al, 80h
    173	    0177  E6 61			     out 61h, al
    174	    0179  24 7F			     and al, not 80h
    175	    017B  E6 61			     out 61h, al
    176
    177					     ; send EOI	to interrupt controller
    178	    017D  B0 20			     mov al, EOI
    179	    017F  E6 20			     out 20h, al
    180
    181	    0181  C3			     ret
    182	    0182			 resetControllers ENDP
    183
    184
    185
    186
    187
    188					 ;-----------------------------------------------------------------
    189					 ; Part	to put residental programm in memory
    190					 ;-----------------------------------------------------------------
    191
    192	    0182			 nonResident:
    193	    0182  E8 0008		     call addOldIntHandlerJmp
    194
    195	    0185  E8 0015		     call replaceInt09Handler
    196
    197	    0188  CD 09			     int 09h
    198
    199	    018A  E8 0024		     call keepProgAsResident
    200
    201	    018D			 addOldIntHandlerJmp PROC
    202	    018D  6A 00			     push 0
    203	    018F  1F			     pop ds
    204	    0190  BE 0024		     mov si, 4 * 09h
    205	    0193  8C C8			     mov ax, cs
    206	    0195  8E C0			     mov es, ax
    207	    0197  BF 0113r		     mov di, offset OLD_INT09_HANDLER
    208	    019A  66| A5		     movsd
    209
    210	    019C  C3			     ret
    211	    019D			 addOldIntHandlerJmp ENDP
    212
    213	    019D			 replaceInt09Handler PROC
    214	    019D  6A 00			     push 0
    215	    019F  07			     pop es
    216	    01A0  BB 0024		     mov bx, 4 * 09h
    217	    01A3  FA			     cli
    218	    01A4  26: C7 07 0103r	     mov word ptr es:[bx], offset keyboardInt
    219
    220	    01A9  8C C8			     mov ax, cs
    221	    01AB  26: 89 47 02		     mov word ptr es:[bx + 2], ax
    222	    01AF  FB			     sti
    223
    224	    01B0  C3			     ret
    225	    01B1			 replaceInt09Handler ENDP
    226
    227	    01B1			 keepProgAsResident PROC
    228	    01B1  B8 3100		     mov ax, 3100h
Turbo Assembler	 Version 4.1	    02/20/26 21:39:04	    Page 5
showreg.asm



    229	    01B4  BA 0182r		     mov dx, offset nonResident
    230	    01B7  C1 EA	04		     shr dx, 4
    231	    01BA  42			     inc dx
    232	    01BB  CD 21			     int 21h
    233
    234	    01BD  C3			     ret
    235	    01BE			 keepProgAsResident ENDP
    236
    237					 end Start
Turbo Assembler	 Version 4.1	    02/20/26 21:39:04	    Page 6
Symbol Table




Symbol Name			  Type	 Value

??DATE				  Text	 "02/20/26"
??END				  Near	 DGROUP:0172
??ENDDRAWINGCYCLE		  Near	 DGROUP:0158
??FILENAME			  Text	 "showreg "
??G9				  Near	 DGROUP:016F
??NOTNEEDEDSC			  Near	 DGROUP:0133
??STARTDRAWINGCYCLE		  Near	 DGROUP:0146
??TIME				  Text	 "21:39:04"
??VERSION			  Number 040A
@32BIT				  Text	 0
@CODE				  Text	 DGROUP
@CODESIZE			  Text	 0
@CPU				  Text	 0F0FH
@CURSEG				  Text	 _TEXT
@DATA				  Text	 DGROUP
@DATASIZE			  Text	 0
@FILENAME			  Text	 SHOWREG
@INTERFACE			  Text	 000H
@MODEL				  Text	 1
@STACK				  Text	 DGROUP
@WORDSIZE			  Text	 4
ADDOLDINTHANDLERJMP		  Near	 DGROUP:018D
CONVERTNIBBLETOASCII		  Near	 DGROUP:0162
DIFFERENCE_NUM_ASCII_G9		  Number 0037
DIFFERENCE_NUM_ASCII_L9		  Number 0030
DRAWREG				  Near	 DGROUP:0134
EOI				  Number 0020
HANDLESCANCODE			  Near	 DGROUP:0121
KEEPPROGASRESIDENT		  Near	 DGROUP:01B1
KEYBOARDINT			  Near	 DGROUP:0103
KEYBOARDINTPREAMBLE		  Near	 DGROUP:0117
LENGTH_VIDEO_MEM_LINE		  Number 0050
NONRESIDENT			  Near	 DGROUP:0182
OLD_INT09_HANDLER		  Near	 DGROUP:0113
REPLACEINT09HANDLER		  Near	 DGROUP:019D
RESETCONTROLLERS		  Near	 DGROUP:0173
SCAN_CODE_COLOR			  Number 004E
SHOW_REG_BUTTON_SCAN_CODE	  Number 0029
START				  Near	 DGROUP:0100
VIDEO_MEM_START_ADDR		  Number B800

Groups & Segments		  Bit Size Align  Combine Class

DGROUP				  Group
  _DATA				  16  0000 Word	  Public  DATA
  _TEXT				  16  01BE Word	  Public  CODE
