Turbo Assembler	 Version 4.1	    02/20/26 17:44:36	    Page 1
testprog.asm



      1	    0000			 .model	tiny
      2	    0000			 .code
      3					 .486
      4					 org 100h
      5
      6	    0100  EB 28	90		 Start:	jmp nonResident
      7
      8		  =B800			 VIDEO_MEM_START_ADDR  equ 0b800h
      9		  =0050			 LENGTH_VIDEO_MEM_LINE equ 80d
     10
     11	    0103			 keyboardInt PROC
     12	    0103  50 53	06		     push ax bx	es
     13	    0106  68 B800		     push VIDEO_MEM_START_ADDR
     14	    0109  07			     pop es
     15	    010A  BB 0370		     mov bx, (LENGTH_VIDEO_MEM_LINE * 5d + LENGTH_VIDEO_MEM_LINE / 2) *	2   ; set start	of  +
     16					 video mem to write to the 5th line center
     17	    010D  B4 4E			     mov ah, 4eh
     18
     19	    010F  E4 60			     in	al, 60h
     20	    0111  26: 89 07		     mov es:[bx], ax
     21
     22	    0114  E4 61			     in	al, 61h
     23	    0116  0C 80			     or	al, 80h
     24	    0118  E6 61			     out 61h, al
     25	    011A  24 7F			     and al, not 80h
     26	    011C  E6 61			     out 61h, al
     27
     28	    011E  B0 20			     mov al, 20h
     29	    0120  E6 20			     out 20h, al
     30
     31	    0122  07 5B	58		     pop es bx ax
     32	    0125  EA			     db	0eah
     33	    0126  00000000		 OLD_INT09_HANDLER: dd 0
     34
     35	    012A			 keyboardInt ENDP
     36
     37	    012A			 nonResident:
     38	    012A  6A 00			     push 0
     39	    012C  1F			     pop ds
     40	    012D  BE 0024		     mov si, 4 * 09h
     41	    0130  8C C8			     mov ax, cs
     42	    0132  8E C0			     mov es, ax
     43	    0134  BF 0126r		     mov di, offset OLD_INT09_HANDLER
     44	    0137  66| A5		     movsd
     45
     46	    0139  6A 00			     push 0
     47	    013B  07			     pop es
     48	    013C  BB 0024		     mov bx, 4 * 09h
     49	    013F  FA			     cli
     50	    0140  26: C7 07 0103r	     mov word ptr es:[bx], offset keyboardInt
     51
     52	    0145  8C C8			     mov ax, cs
     53	    0147  26: 89 47 02		     mov word ptr es:[bx + 2], ax
     54	    014B  FB			     sti
     55
     56	    014C  B8 3100		     mov ax, 3100h
     57	    014F  BA 012Ar		     mov dx, offset nonResident
Turbo Assembler	 Version 4.1	    02/20/26 17:44:36	    Page 2
testprog.asm



     58	    0152  C1 EA	04		     shr dx, 4
     59	    0155  42			     inc dx
     60	    0156  CD 21			     int 21h
     61
     62					 end Start
Turbo Assembler	 Version 4.1	    02/20/26 17:44:36	    Page 3
Symbol Table




Symbol Name			  Type	 Value

??DATE				  Text	 "02/20/26"
??FILENAME			  Text	 "testprog"
??TIME				  Text	 "17:44:36"
??VERSION			  Number 040A
@32BIT				  Text	 0
@CODE				  Text	 DGROUP
@CODESIZE			  Text	 0
@CPU				  Text	 1F1FH
@CURSEG				  Text	 _TEXT
@DATA				  Text	 DGROUP
@DATASIZE			  Text	 0
@FILENAME			  Text	 TESTPROG
@INTERFACE			  Text	 000H
@MODEL				  Text	 1
@STACK				  Text	 DGROUP
@WORDSIZE			  Text	 4
KEYBOARDINT			  Near	 DGROUP:0103
LENGTH_VIDEO_MEM_LINE		  Number 0050
NONRESIDENT			  Near	 DGROUP:012A
OLD_INT09_HANDLER		  Near	 DGROUP:0126
START				  Near	 DGROUP:0100
VIDEO_MEM_START_ADDR		  Number B800

Groups & Segments		  Bit Size Align  Combine Class

DGROUP				  Group
  _DATA				  16  0000 Word	  Public  DATA
  _TEXT				  16  0158 Word	  Public  CODE
