Turbo Assembler	 Version 4.1	    02/22/26 00:50:41	    Page 1
test.asm



      1	    0000			 .model	tiny
      2	    0000			 .code
      3					 .386
      4					 org 100h
      5
      6	    0100			 Start:
      7	    0100  BB 0000		     mov bx, 0d
      8	    0103  B9 0003		     mov cx, 3d
      9	    0106  BA 0005		     mov dx, 5d
     10
     11	    0109			     startCycle:
     12	    0109  81 FB	EA60		     cmp bx, 60000d
     13	    010D  74 05	90 90		     je	endCycle
     14	    0111  43				 inc bx
     15	    0112  EB F5				 jmp startCycle
     16	    0114			     endCycle:
     17
     18	    0114  BB 0000		     mov bx, 0d
     19
     20	    0117			     startCycle2:
     21	    0117  81 FB	EA60		     cmp bx, 60000d
     22	    011B  74 05	90 90		     je	endCycle2
     23	    011F  43				 inc bx
     24	    0120  EB F5				 jmp startCycle2
     25	    0122			     endCycle2:
     26
     27	    0122  41			     inc cx
     28
     29	    0123  B8 4C00		     mov ax, 04C00h
     30	    0126  CD 21			     int 21h
     31					 end Start
Turbo Assembler	 Version 4.1	    02/22/26 00:50:41	    Page 2
Symbol Table




Symbol Name			  Type	 Value

??DATE				  Text	 "02/22/26"
??FILENAME			  Text	 "test	  "
??TIME				  Text	 "00:50:41"
??VERSION			  Number 040A
@32BIT				  Text	 0
@CODE				  Text	 DGROUP
@CODESIZE			  Text	 0
@CPU				  Text	 0F0FH
@CURSEG				  Text	 _TEXT
@DATA				  Text	 DGROUP
@DATASIZE			  Text	 0
@FILENAME			  Text	 TEST
@INTERFACE			  Text	 000H
@MODEL				  Text	 1
@STACK				  Text	 DGROUP
@WORDSIZE			  Text	 4
ENDCYCLE			  Near	 DGROUP:0114
ENDCYCLE2			  Near	 DGROUP:0122
START				  Near	 DGROUP:0100
STARTCYCLE			  Near	 DGROUP:0109
STARTCYCLE2			  Near	 DGROUP:0117

Groups & Segments		  Bit Size Align  Combine Class

DGROUP				  Group
  _DATA				  16  0000 Word	  Public  DATA
  _TEXT				  16  0128 Word	  Public  CODE
