Turbo Assembler	 Version 4.1	    02/21/26 17:38:22	    Page 1
test.asm



      1	    0000			 .model	tiny
      2	    0000			 .code
      3					 .386
      4					 org 100h
      5
      6	    0100			 Start:
      7	    0100  BB 0000		     mov bx, 0d
      8	    0103  B9 0003		     mov cx, 3d
      9
     10	    0106			     startCycle:
     11	    0106  81 FB	EA60		     cmp bx, 60000d
     12	    010A  74 05	90 90		     je	endCycle
     13	    010E  43				 inc bx
     14	    010F  EB F5				 jmp startCycle
     15	    0111			     endCycle:
     16
     17	    0111  BB 0000		     mov bx, 0d
     18
     19	    0114			     startCycle2:
     20	    0114  81 FB	EA60		     cmp bx, 60000d
     21	    0118  74 05	90 90		     je	endCycle2
     22	    011C  43				 inc bx
     23	    011D  EB F5				 jmp startCycle2
     24	    011F			     endCycle2:
     25
     26	    011F  41			     inc cx
     27
     28	    0120  B8 4C00		     mov ax, 04C00h
     29	    0123  CD 21			     int 21h
     30					 end Start
Turbo Assembler	 Version 4.1	    02/21/26 17:38:22	    Page 2
Symbol Table




Symbol Name			  Type	 Value

??DATE				  Text	 "02/21/26"
??FILENAME			  Text	 "test	  "
??TIME				  Text	 "17:38:22"
??VERSION			  Number 040A
@32BIT				  Text	 0
@CODE				  Text	 DGROUP
@CODESIZE			  Text	 0
@CPU				  Text	 0F0FH
@CURSEG				  Text	 _TEXT
@DATA				  Text	 DGROUP
@DATASIZE			  Text	 0
@FILENAME			  Text	 TEST
@INTERFACE			  Text	 000H
@MODEL				  Text	 1
@STACK				  Text	 DGROUP
@WORDSIZE			  Text	 4
ENDCYCLE			  Near	 DGROUP:0111
ENDCYCLE2			  Near	 DGROUP:011F
START				  Near	 DGROUP:0100
STARTCYCLE			  Near	 DGROUP:0106
STARTCYCLE2			  Near	 DGROUP:0114

Groups & Segments		  Bit Size Align  Combine Class

DGROUP				  Group
  _DATA				  16  0000 Word	  Public  DATA
  _TEXT				  16  0125 Word	  Public  CODE
